Disk /dev/sda: 465.8 GiB, 500107862016 bytes, 976773168 sectors
Units: sectors of 1 * 512 = 512 bytes
Sector size (logical/physical): 512 bytes / 4096 bytes
I/O size (minimum/optimal): 4096 bytes / 4096 bytes
Disklabel type: gpt
Disk identifier: 6D9A257E-8D28-4042-A879-5E7EB551B307

设备           Start      末尾      扇区  Size 类型
/dev/sda1       2048  16779263  16777216    8G Linux filesystem
/dev/sda2   16779264  50333695  33554432   16G Linux filesystem
/dev/sda3   50335744  67112959  16777216    8G Linux filesystem
/dev/sda4   67115008 134223871  67108864   32G Linux filesystem
/dev/sda5  134225920 761276415 627050496  299G Linux filesystem
/dev/sda6  901275648 968384511  67108864   32G Linux filesystem
/dev/sda7  972578816 976773119   4194304    2G Linux filesystem
/dev/sda8  968384512 972578815   4194304    2G EFI System
/dev/sda9  893276160 901275647   7999488  3.8G Linux filesystem
/dev/sda10 765276160 893276159 128000000   61G Linux filesystem
/dev/sda11 761276416 765276159   3999744  1.9G Linux filesystem

Partition table entries are not in disk order.
